// Jest Snapshot v1, https://goo.gl/fbAQLP

exports[`CharacterDetails test snapshot 1`] = `null`;
