// Jest Snapshot v1, https://goo.gl/fbAQLP

exports[`Character test snapshot 1`] = `
<div
  className="characterMainContainer"
/>
`;
